[peer-1-1] esperando a peer-0-0 en /home/mohamed/civicmesh-runs/6/hostfile.txt...
2026-08-24 16:49:08,851 | INFO | [peer-1-1] Peer iniciado en mohamed:6012
2026-08-24 16:49:08,853 | INFO | [peer-1-1] Nuevo contacto directo: peer-0-0 (mohamed:6001)
2026-08-24 16:49:08,853 | INFO | [peer-1-1] JOIN enviado a peer-0-0
2026-08-24 16:49:12,732 | INFO | [peer-1-1] Nuevo contacto directo: peer-1-0 (mohamed:6011)
2026-08-24 16:49:12,737 | INFO | [peer-1-1] Nuevo contacto directo: peer-0-1 (mohamed:6002)
2026-08-24 16:49:14,865 | INFO | [peer-1-1] Peer descubierto indirectamente: publisher-air (mohamed:7002)
2026-08-24 16:49:14,866 | INFO | [peer-1-1] Peer descubierto indirectamente: publisher-crime (mohamed:7001)
2026-08-24 16:49:19,674 | INFO | [peer-1-1] Peer publisher-air confirmado como ALIVE
2026-08-24 16:49:19,716 | INFO | [peer-1-1] Peer publisher-crime confirmado como ALIVE
2026-08-24 16:49:42,974 | WARNING | [peer-1-1] Peer publisher-crime marcado como DEAD por timeout (10.12s sin contacto)
2026-08-24 16:52:21,429 | WARNING | [peer-1-1] Error enviando PUBSUB: No fue posible conectar con peer-1-0 (mohamed:6011)
2026-08-24 16:52:21,458 | WARNING | [peer-1-1] Error enviando PUBSUB: No fue posible conectar con peer-1-0 (mohamed:6011)
2026-08-24 16:52:21,461 | WARNING | [peer-1-1] Error enviando PUBSUB: No fue posible conectar con peer-1-0 (mohamed:6011)
2026-08-24 16:52:23,429 | WARNING | [peer-1-1] Error enviando PUBSUB: No fue posible conectar con peer-1-0 (mohamed:6011)
2026-08-24 16:52:25,432 | WARNING | [peer-1-1] Error enviando PUBSUB: No fue posible conectar con peer-1-0 (mohamed:6011)
2026-08-24 16:52:25,466 | WARNING | [peer-1-1] Error enviando PUBSUB: No fue posible conectar con peer-1-0 (mohamed:6011)
2026-08-24 16:52:25,467 | WARNING | [peer-1-1] Error enviando PUBSUB: No fue posible conectar con peer-1-0 (mohamed:6011)
2026-08-24 16:52:27,429 | WARNING | [peer-1-1] Error enviando PUBSUB: No fue posible conectar con peer-1-0 (mohamed:6011)
2026-08-24 16:52:27,453 | WARNING | [peer-1-1] Error enviando PUBSUB: No fue posible conectar con peer-1-0 (mohamed:6011)
2026-08-24 16:52:27,453 | WARNING | [peer-1-1] Error enviando PUBSUB: No fue posible conectar con peer-1-0 (mohamed:6011)
2026-08-24 16:52:29,432 | WARNING | [peer-1-1] Error enviando PUBSUB: No fue posible conectar con peer-1-0 (mohamed:6011)
2026-08-24 16:52:29,454 | WARNING | [peer-1-1] Error enviando PUBSUB: No fue posible conectar con peer-1-0 (mohamed:6011)
2026-08-24 16:52:29,456 | WARNING | [peer-1-1] Error enviando PUBSUB: No fue posible conectar con peer-1-0 (mohamed:6011)
2026-08-24 16:52:29,527 | WARNING | [peer-1-1] Peer peer-1-0 marcado como DEAD por timeout (10.08s sin contacto)
